Install Plan

Components to install
  1. persona included
     Managed agent behavior and conversation tone
  2. engram included
     Persistent cross-session memory
  3. openrecord included
     Durable decision and spec records, with qmd semantic search

▸ Continue
  Back

j/k: navigate • enter: select • esc: back